// Jest Snapshot v1, https://goo.gl/fbAQLP

exports[`Form renders correctly 1`] = `
<div>
  <form
    onSubmit={undefined}
  >
    <label>
      Enter Github Username:
    </label>
    <br />
    <input
      onChange={undefined}
      type="text"
    />
    <br />
    <button>
      Submit
    </button>
  </form>
</div>
`;
